lcd_explay_n1.c:8:6:LCD_Delay	24	static
lcd_explay_n1.c:13:6:DelayMicro	16	static
lcd_explay_n1.c:18:6:SetXY	24	static
lcd_explay_n1.c:39:6:clrXY	8	static
lcd_explay_n1.c:46:6:LCD_fillScr	24	static
lcd_explay_n1.c:52:6:LCD_clrScr	16	static
lcd_explay_n1.c:58:10:LCD_Read	24	static
lcd_explay_n1.c:79:6:setColorRGB	16	static
lcd_explay_n1.c:83:6:setColor	16	static
lcd_explay_n1.c:87:10:getColor	4	static
lcd_explay_n1.c:91:6:setBackColorRGB	16	static
lcd_explay_n1.c:96:6:fillScr	24	static
lcd_explay_n1.c:105:6:fillScrRGB	16	static
lcd_explay_n1.c:109:6:setBackColor	16	static
lcd_explay_n1.c:118:10:getBackColor	4	static
lcd_explay_n1.c:122:5:getDisplayXSize	4	static
lcd_explay_n1.c:129:5:getDisplayYSize	4	static
lcd_explay_n1.c:136:6:setPixel	16	static
lcd_explay_n1.c:140:6:drawPixel	16	static
lcd_explay_n1.c:146:6:drawHLine	32	static
lcd_explay_n1.c:158:6:drawVLine	40	static
lcd_explay_n1.c:170:6:drawLine	56	static
lcd_explay_n1.c:216:6:drawRect	32	static
lcd_explay_n1.c:229:6:drawRoundRect	32	static
lcd_explay_n1.c:248:6:fillRect	40	static
lcd_explay_n1.c:269:6:fillRoundRect	40	static
lcd_explay_n1.c:295:6:drawCircle	56	static
lcd_explay_n1.c:339:6:fillCircle	32	static
lcd_explay_n1.c:350:6:printChar	56	static
lcd_explay_n1.c:408:6:rotateChar	80	static
lcd_explay_n1.c:438:6:print	40	static
lcd_explay_n1.c:468:6:printNumI	104	static
lcd_explay_n1.c:514:6:_convert_float	40	static
lcd_explay_n1.c:521:6:printNumF	80	static
lcd_explay_n1.c:555:6:setFont	16	static
lcd_explay_n1.c:563:10:getFont	4	static
lcd_explay_n1.c:567:9:getFontXsize	4	static
lcd_explay_n1.c:571:9:getFontYsize	4	static
lcd_explay_n1.c:575:6:InitLCD	8	static
